[36mvite v4.5.14 [32mbuilding for production...[36m[39m
transforming...
[32mÔ£ô[39m 1775 modules transformed.
[32mÔ£ô built in 4.26s[39m
node.exe : 
[31m[vite]: Rollup 
failed to resolve 
import "date-fns" 
from "C:/Desarrollo/RR
HH/nominix-web/src/fea
tures/settings/compone
nts/ExchangeRatesManag
er.jsx".
En línea: 1 Carácter: 
1
+ & "C:\Program Files\
nodejs/node.exe" 
"C:\Users\Ing 
Pablo\AppData\Roam ...
+ ~~~~~~~~~~~~~~~~~~~~
~~~~~~~~~~~~~~~~~~~~~~
~~~~~~~~~~~~~~~~~~~~~~
~~~~~
    + CategoryInfo    
          : NotSpeci  
  fied: ([31m[vite   
 ]: Ro...esManager    
.jsx".:String) []    
, RemoteException
    + FullyQualifiedE 
   rrorId : NativeCo  
  mmandError
 
This is most likely 
unintended because it 
can break your 
application at 
runtime.
If you do want to 
externalize this 
module explicitly add 
it to
`build.rollupOptions.e
xternal`[39m
[31merror during 
build:
Error: [vite]: Rollup 
failed to resolve 
import "date-fns" 
from "C:/Desarrollo/RR
HH/nominix-web/src/fea
tures/settings/compone
nts/ExchangeRatesManag
er.jsx".
This is most likely 
unintended because it 
can break your 
application at 
runtime.
If you do want to 
externalize this 
module explicitly add 
it to
`build.rollupOptions.e
xternal`
    at viteWarn (file:
///C:/Desarrollo/RRHH/
nominix-web/node_modul
es/vite/dist/node/chun
ks/dep-827b23df.js:482
72:27)
    at onwarn (file://
/C:/Desarrollo/RRHH/no
minix-web/node_modules
/@vitejs/plugin-react/
dist/index.js:90:7)
    at 
onRollupWarning (file:
///C:/Desarrollo/RRHH/
nominix-web/node_modul
es/vite/dist/node/chun
ks/dep-827b23df.js:483
01:9)
    at onwarn (file://
/C:/Desarrollo/RRHH/no
minix-web/node_modules
/vite/dist/node/chunks
/dep-827b23df.js:48032
:13)
    at file:///C:/Desa
rrollo/RRHH/nominix-we
b/node_modules/rollup/
dist/es/shared/node-en
try.js:24276:13
    at Object.logger 
[as onLog] (file:///C:
/Desarrollo/RRHH/nomin
ix-web/node_modules/ro
llup/dist/es/shared/no
de-entry.js:25950:9)
    at ModuleLoader.ha
ndleInvalidResolvedId 
(file:///C:/Desarrollo
/RRHH/nominix-web/node
_modules/rollup/dist/e
s/shared/node-entry.js
:24862:26)
    at file:///C:/Desa
rrollo/RRHH/nominix-we
b/node_modules/rollup/
dist/es/shared/node-en
try.js:24822:26
    at process.process
TicksAndRejections (no
de:internal/process/ta
sk_queues:105:5)[39m
